[+] Configuring afaneh_beyond1qlte_defconfig
make: Entering directory '/home/dev/Documents/Workspace/GalaxyS10/android_kernel_samsung_sm8150-sukisu-kexec-beyond1qlte-191'
make[1]: Entering directory '/home/dev/Documents/Workspace/GalaxyS10/out-beyond1qlte-sukisu-191'
  GEN     ./Makefile
KCONFIG_VARIANT((null))
KCONFIG_DEBUG((null))
#
# configuration written to .config
#
make[1]: Leaving directory '/home/dev/Documents/Workspace/GalaxyS10/out-beyond1qlte-sukisu-191'
make: Leaving directory '/home/dev/Documents/Workspace/GalaxyS10/android_kernel_samsung_sm8150-sukisu-kexec-beyond1qlte-191'
[+] Building Image-dtb
make: Entering directory '/home/dev/Documents/Workspace/GalaxyS10/android_kernel_samsung_sm8150-sukisu-kexec-beyond1qlte-191'
make[1]: Entering directory '/home/dev/Documents/Workspace/GalaxyS10/out-beyond1qlte-sukisu-191'
  GEN     ./Makefile
scripts/kconfig/conf  --silentoldconfig Kconfig
  CHK     include/config/kernel.release
  GEN     ./Makefile
  CHK     include/generated/uapi/linux/version.h
  CHK     include/generated/utsrelease.h
  Using /home/dev/Documents/Workspace/GalaxyS10/android_kernel_samsung_sm8150-sukisu-kexec-beyond1qlte-191 as source for kernel
  CHK     scripts/mod/devicetable-offsets.h
  CHK     include/generated/timeconst.h
  CHK     include/generated/bounds.h
  CHK     include/generated/asm-offsets.h
  CALL    /home/dev/Documents/Workspace/GalaxyS10/android_kernel_samsung_sm8150-sukisu-kexec-beyond1qlte-191/scripts/checksyscalls.sh
  CHK     include/generated/compile.h
  CHK     kernel/config_data.h
  CC      fs/fuse/dir.o
  CC      fs/kernfs/mount.o
  CC      fs/nls/nls_base.o
  CC      fs/kernfs/inode.o
  CC      fs/nls/nls_cp437.o
  CC      fs/fuse/file.o
  CC      fs/notify/fsnotify.o
  CC      fs/notify/notification.o
  CC      fs/overlayfs/super.o
  CC      fs/ntfs/aops.o
  CC      fs/ntfs/attrib.o
  CC      fs/kernfs/dir.o
  CC      fs/notify/group.o
  CC      fs/fuse/inode.o
  CC      fs/fuse/control.o
  CC      fs/kernfs/file.o
  CC      fs/nls/nls_iso8859-1.o
  CC      fs/notify/mark.o
  CC      fs/fuse/xattr.o
  CC      fs/overlayfs/namei.o
  CC      fs/ntfs/collate.o
  CC      fs/nls/nls_utf8.o
  CC      fs/ntfs/compress.o
  CC      fs/pstore/inode.o
  CC      fs/pstore/platform.o
  AR      fs/nls/built-in.o
  CC      fs/notify/fdinfo.o
  CC      fs/overlayfs/util.o
  CC      fs/kernfs/symlink.o
  CC      fs/proc/task_mmu.o
  CC      fs/pstore/pmsg.o
  CC      fs/quota/dquot.o
  CC      fs/ramfs/inode.o
  CC      fs/proc/inode.o
  CC      fs/notify/dnotify/dnotify.o
  AR      fs/kernfs/built-in.o
  CC      fs/overlayfs/inode.o
  CC      fs/ntfs/debug.o
  CC      fs/fuse/acl.o
  CC      fs/pstore/ss_platform_log.o
  CC      fs/ramfs/file-mmu.o
  AR      fs/notify/dnotify/built-in.o
  CC      fs/ntfs/dir.o
  CC      fs/notify/inotify/inotify_fsnotify.o
  CC      fs/overlayfs/dir.o
  CC      fs/notify/inotify/inotify_user.o
  CC      fs/pstore/ram.o
  AR      fs/fuse/fuse.o
  AR      fs/fuse/built-in.o
  AR      fs/ramfs/ramfs.o
  CC      fs/proc/root.o
  AR      fs/ramfs/built-in.o
  CC      fs/quota/quota_v2.o
  CC      fs/ntfs/file.o
  CC      techpack/audio/ipc/apr.o
  CC      techpack/audio/ipc/apr_v2.o
  CC      fs/pstore/ram_core.o
  CC      fs/proc/base.o
  CC      fs/quota/quota_tree.o
  CC      fs/quota/quota.o
  CC      fs/overlayfs/readdir.o
  CC      fs/ntfs/index.o
  AR      fs/notify/inotify/built-in.o
  AR      fs/notify/built-in.o
  CC      fs/proc/generic.o
  CC      fs/proc/array.o
  CC      fs/ntfs/inode.o
  CC      fs/sdcardfs/dentry.o
  CC      fs/ntfs/mft.o
  AR      fs/pstore/pstore.o
  AR      fs/pstore/ramoops.o
  AR      fs/pstore/built-in.o
  CC      fs/ntfs/mst.o
  CC      techpack/audio/ipc/apr_tal_rpmsg.o
  CC      fs/sdcardfs/file.o
  CC      fs/overlayfs/copy_up.o
  CC      fs/sdcardfs/inode.o
  CC      fs/quota/kqid.o
  CC      fs/sdcardfs/main.o
  CC      fs/sdfat/sdfat.o
  CC      techpack/audio/ipc/wcd-dsp-glink.o
  CC      fs/ntfs/namei.o
  CC      fs/proc/fd.o
  CC      fs/sysfs/file.o
  CC      fs/sdfat/core.o
  DTC     arch/arm64/boot/dts/samsung/beyond/../../qcom/sm8150.dtb
  AR      fs/overlayfs/overlay.o
  AR      fs/overlayfs/built-in.o
  CC      fs/sdfat/core_fat.o
  CC      fs/sdfat/core_exfat.o
  CC      fs/quota/netlink.o
  CC      fs/sdfat/api.o
  CC      fs/ntfs/runlist.o
  CC      fs/sdfat/blkdev.o
  CC      fs/sdcardfs/super.o
  AR      techpack/audio/ipc/apr_dlkm.o
  CC      fs/proc/proc_tty.o
  AR      techpack/audio/ipc/wglink_dlkm.o
  AR      techpack/audio/ipc/built-in.o
  CC      fs/sdfat/fatent.o
  DTC     arch/arm64/boot/dts/samsung/beyond/../../qcom/sm8150-v2.dtb
  CC      fs/sysfs/dir.o
  CC      fs/sdcardfs/lookup.o
  CC      fs/ntfs/super.o
  CC      fs/sdfat/amap_smart.o
  CC      fs/ntfs/sysctl.o
  CC      fs/proc/cmdline.o
  CC      fs/tracefs/inode.o
  CC      fs/sysfs/symlink.o
  AR      fs/quota/built-in.o
  CC      fs/sdcardfs/mmap.o
  CC      fs/sdfat/cache.o
  CC      fs/sdfat/dfr.o
  CC      fs/eventpoll.o
  CC      fs/proc/consoles.o
  AR      techpack/audio/built-in.o
  CC      fs/anon_inodes.o
  AR      techpack/built-in.o
  CC      fs/sysfs/mount.o
  CC      fs/sdfat/nls.o
  CC      fs/signalfd.o
  CC      fs/sdcardfs/packagelist.o
  CC      fs/proc/cpuinfo.o
  CC      fs/ntfs/unistr.o
  AR      fs/tracefs/tracefs.o
  AR      fs/tracefs/built-in.o
  CC      fs/sdcardfs/derived_perm.o
  DTC     arch/arm64/boot/dts/samsung/beyond/sm8150-sec-beyond1qlte-overlay-r07.dtbo
  CC      fs/sysfs/group.o
  CC      fs/proc/devices.o
  CC      fs/timerfd.o
  DTC     arch/arm64/boot/dts/samsung/beyond/sm8150-sec-beyond1qlte-overlay-r08.dtbo
  CC      fs/ntfs/upcase.o
  DTC     arch/arm64/boot/dts/samsung/beyond/sm8150-sec-beyond1qlte-overlay-r09.dtbo
  CC      fs/sdfat/misc.o
  CC      fs/proc/interrupts.o
  CC      fs/proc/loadavg.o
  CC      fs/proc/meminfo.o
  CC      fs/proc/stat.o
  DTC     arch/arm64/boot/dts/samsung/beyond/sm8150-sec-beyond1qlte-overlay-r11.dtbo
  CC      fs/sdfat/mpage.o
  CC      fs/proc/uptime.o
  CC      fs/eventfd.o
  AR      fs/sysfs/built-in.o
  AR      fs/ntfs/ntfs.o
  AR      fs/ntfs/built-in.o
  CC      fs/aio.o
  CC      fs/sdfat/extent.o
  CC      fs/locks.o
  CC      fs/sdfat/statistics.o
  CC      fs/proc/version.o
  DTC     arch/arm64/boot/dts/samsung/beyond/sm8150-sec-beyond1qlte-overlay-r12.dtbo
  CC      fs/compat.o
-- SukiSU-Ultra version: 40900 [v4.2.0-85eb4a95]
-- KernelSU Manager signature size: 0x35c
-- KernelSU Manager signature hash: 947ae944f3de4ed4c21a7e4f7953ecf351bfa2b36239da37a34111ad29993eef
-- KERNEL_VERSION: 4.14
-- KERNEL_TYPE: Non-GKI
-- KPM is disabled
-- KSU_NEW_DCACHE_FLUSH: 0
  CC      fs/proc/softirqs.o
  DTC     arch/arm64/boot/dts/samsung/beyond/sm8150-sec-beyond1qlte-overlay-r13.dtbo
  CC      fs/proc/namespaces.o
  CC      fs/compat_ioctl.o
  CC      fs/proc/self.o
  DTC     arch/arm64/boot/dts/samsung/beyond/sm8150-sec-beyond1qlte-overlay-r14.dtbo
  CC      fs/binfmt_script.o
  CC      fs/proc/thread_self.o
  CC      fs/proc/uid.o
  AR      fs/sdfat/sdfat_fs.o
  AR      fs/sdfat/built-in.o
  DTC     arch/arm64/boot/dts/samsung/beyond/sm8150-sec-beyond1qlte-overlay-r16.dtbo
  CC      fs/proc/fslog.o
  CC      fs/binfmt_elf.o
  DTC     arch/arm64/boot/dts/samsung/beyond/sm8150-sec-beyond1qlte-overlay-r17.dtbo
  CC      fs/compat_binfmt_elf.o
  CC      fs/proc/proc_sysctl.o
  CC      fs/mbcache.o
  CC      fs/posix_acl.o
  CC      fs/proc/proc_net.o
  CC      fs/proc/kmsg.o
  CC      fs/coredump.o
  CC      fs/proc/page.o
  CC      fs/drop_caches.o
  CC      fs/proc/proc_avc.o
  CC      fs/dcookies.o
  AR      fs/proc/proc.o
  AR      fs/proc/built-in.o
  AR      fs/sdcardfs/sdcardfs.o
  AR      fs/sdcardfs/built-in.o
  AR      fs/built-in.o
  GEN     .version
  CHK     include/generated/compile.h
  AR      built-in.o
  LD      vmlinux.o
  MODPOST vmlinux.o
WARNING: EXPORT symbol "gsi_write_channel_scratch" [vmlinux] version generation failed, symbol will not be versioned.
  KSYM    .tmp_kallsyms1.o
  KSYM    .tmp_kallsyms2.o
  LD      vmlinux
  SORTEX  vmlinux
  SYSMAP  System.map
  FIPS : Generating hmac of crypto and updating vmlinux... 
HMAC for "crypto" module is: b'6b19d77e11978359de5f1b58084434986ced093f230c752cdace639789f8f6f6'
FIPS integrity procedure has been finished for crypto
  OBJCOPY arch/arm64/boot/Image
  DTC     arch/arm64/boot/dts/qcom/sm8150.dtb
  DTC     arch/arm64/boot/dts/qcom/sm8150-v2.dtb
echo -n 'UNCOMPRESSED_IMG' > arch/arm64/boot/Image-dtb-hdr && \
{ dec_size=0; for F in  arch/arm64/boot/Image; do fsize=$(stat -c "%s" "$F"); dec_size=$((dec_size + fsize)); done; printf "%08x\n" $dec_size | sed 's/\(..\)/\1 /g' | { read ch0 ch1 ch2 ch3; for ch in $ch3 $ch2 $ch1 $ch0; do printf "\\$(printf '%03o' $((0x$ch)))"; done; }; } >> arch/arm64/boot/Image-dtb-hdr
  CAT     arch/arm64/boot/Image-dtb
make[1]: Leaving directory '/home/dev/Documents/Workspace/GalaxyS10/out-beyond1qlte-sukisu-191'
make: Leaving directory '/home/dev/Documents/Workspace/GalaxyS10/android_kernel_samsung_sm8150-sukisu-kexec-beyond1qlte-191'
[+] Image-dtb: /home/dev/Documents/Workspace/GalaxyS10/out-beyond1qlte-sukisu-191/arch/arm64/boot/Image-dtb (48105072 bytes)
